---
source: tui/src/chatwidget/tests/popups_and_settings.rs
expression: popup
---
   gpt-5.3-codex default │  /tmp/project │ API key

  Select Personality
  Choose a communication style for Codex.

  1. Friendly             Warm, collaborative, and helpful.
› 2. Pragmatic (current)  Concise, task-focused, and direct.

  Press enter to confirm or esc to go back
